// Jest Snapshot v1, https://goo.gl/fbAQLP

exports[`Should be the same PostsTable- snapshot 1`] = `[Function]`;
