// Jest Snapshot v1, https://goo.gl/fbAQLP

exports[`Should be the same UsersTable- snapshot 1`] = `[Function]`;
